I'm sorry, but errors were detected in your script. Please correct the
errors listed below, and try again.


File "game/script.rpy", line 33: expected statement.
    renpy.add_layer("background", above="master")
                                                 ^

File "game/script.rpy", line 34: expected statement.
    renpy.add_layer("props", above="background")
                                                ^

File "game/script.rpy", line 35: expected statement.
    renpy.add_layer("propMods", above="props")
                                              ^

File "game/script.rpy", line 36: expected statement.
    renpy.add_layer("spriteLayer", above="propMods")
                                                    ^

File "game/script.rpy", line 37: expected statement.
    renpy.add_layer("cokeLayer", above="spriteLayer")
                                                     ^

File "game/script.rpy", line 38: expected statement.
    renpy.add_layer("windowFrame", above="cokeLayer")
                                                     ^

Ren'Py Version: Ren'Py 8.1.3.23091805
Wed Jan 24 14:40:11 2024
